 ---------------------------------------------------------------------------------------------------------------------------------------------------------------------------------------------------- 
| Snapshot                  | WNS                  | TNS                  | Density (%) | Power estimated           | Hotspot                   | Resource               | DRVs       | Layer-OPT    |
|                           | HEPG (ns) | ALL (ns) | HEPG (ns) | ALL (ns) |             | Total (mW) | Leakage (mW) | Max (bins) | Total (bins) | Real (s) | Memory (MB) | Tran | Cap | M4 | M5 | M8 |
|---------------------------+-----------+----------+-----------+----------+-------------+------------+--------------+------------+--------------+----------+-------------+------+-----+----+----+----|
| initial_summary           |           |   -0.295 |           |     -259 |        8.75 |            |              |            |              | 0:00:06  |        4952 |    0 |   0 |    |    |    |
| simplify_netlist          |           |          |           |          |             |       0.00 |         0.00 |            |              | 0:00:05  |        5057 |      |     |    |    |    |
| ccopt_clustering          |           |          |           |          |             |            |              |       0.00 |         0.00 | 0:00:33  |        8319 |      |     |    |    |    |
| drv_fixing                |           |          |           |          |             |       0.00 |         0.00 |            |              | 0:00:03  |        5097 |      |     |    |    |    |
| area_reclaiming           |    -0.286 |   -0.286 |      -247 |     -247 |        8.99 |       0.00 |         0.00 |            |              | 0:00:07  |        5149 |      |     |    |    |    |
| global_opt                |           |   -0.004 |           |       -0 |        9.32 |       0.00 |         0.00 |            |              | 0:00:31  |        5233 |      |     |  4 | 82 |    |
| area_reclaiming_2         |    -0.004 |   -0.004 |        -0 |       -0 |        9.23 |       0.00 |         0.00 |            |              | 0:00:10  |        5242 |      |     | 24 | 11 |    |
| incremental_replacement   |           |   -0.010 |           |       -0 |             |            |              |       0.00 |         0.00 | 0:17:43  |        5241 |      |     |    |    |    |
| tns_fixing                |     0.326 |   -0.010 |         0 |       -0 |        9.23 |       0.00 |         0.00 |            |              | 0:00:06  |        5444 |      |     | 24 | 11 |    |
| wns_fixing                |     0.332 |   -0.001 |         0 |        0 |        9.23 |       0.00 |         0.00 |            |              | 0:00:14  |        5835 |      |     | 21 | 19 |  3 |
| area_reclaiming_3         |     0.328 |   -0.001 |         0 |       -0 |        9.20 |       0.00 |         0.00 |            |              | 0:00:10  |        5441 |      |     | 21 | 19 |  3 |
| area_reclaiming_4         |     0.328 |    0.000 |         0 |        0 |        9.18 |       0.00 |         0.00 |            |              | 0:00:05  |        5406 |      |     | 12 | 10 |  1 |
| initial_summary_2         |     0.328 |    0.000 |           |        0 |        9.18 |            |              |            |              | 0:00:16  |        5409 |    0 |   0 |    |    |    |
| hold_fixing               |           |    0.000 |           |        0 |        9.18 |       0.00 |         0.00 |            |              | 0:00:03  |        5428 |      |     | 12 | 10 |  1 |
| incremental_replacement_2 |           |   -0.035 |           |      -18 |             |            |              |       0.00 |         0.00 | 0:17:30  |        5420 |      |     |    |    |    |
| tns_fixing_2              |     0.308 |   -0.035 |         0 |      -18 |        9.18 |       0.00 |         0.00 |            |              | 0:00:05  |        5524 |      |     | 12 | 10 |  1 |
| wns_fixing_2              |     0.330 |   -0.000 |         0 |        0 |        9.19 |       0.00 |         0.00 |            |              | 0:00:18  |        5850 |      |     | 10 | 28 | 11 |
| area_reclaiming_5         |     0.326 |    0.001 |         0 |        0 |        9.18 |       0.00 |         0.00 |            |              | 0:00:09  |        5488 |      |     | 12 | 30 | 12 |
| area_reclaiming_6         |     0.328 |    0.001 |         0 |        0 |        9.15 |       0.00 |         0.00 |            |              | 0:00:06  |        5448 |      |     | 15 |  8 |  6 |
| drv_eco_fixing            |     0.328 |    0.001 |         0 |        0 |        9.15 |       0.00 |         0.00 |            |              | 0:00:03  |        5450 |    0 |   0 | 15 |  8 |  6 |
| power_reclaiming          |    -0.000 |   -0.002 |        -0 |       -0 |        9.15 |       0.00 |         0.00 |            |              | 0:00:55  |        5776 |      |     | 15 |  8 |  6 |
| final_summary             |     0.000 |   -0.001 |           |       -0 |        9.15 |            |              |            |              | 0:00:08  |        5369 |    0 |   0 |    |    |    |
 ---------------------------------------------------------------------------------------------------------------------------------------------------------------------------------------------------- 
