 -------------------------------------------------------------------------------------------------------------------------------------------------------------------------------------------------------- 
| Snapshot                | WNS                  | TNS                  | Density (%) | Power estimated           | Hotspot                   | Resource               | DRVs       | Layer-OPT          |
|                         | HEPG (ns) | ALL (ns) | HEPG (ns) | ALL (ns) |             | Total (mW) | Leakage (mW) | Max (bins) | Total (bins) | Real (s) | Memory (MB) | Tran | Cap | M10 | M4 | M5 | M8 |
|-------------------------+-----------+----------+-----------+----------+-------------+------------+--------------+------------+--------------+----------+-------------+------+-----+-----+----+----+----|
| initial_summary         |           |   -0.004 |           |       -0 |        8.76 |            |              |            |              | 0:00:04  |        5401 |    0 |   0 |     |    |    |    |
| ccopt_clustering        |           |          |           |          |             |            |              |       0.00 |         0.00 | 0:00:08  |        5466 |      |     |     |    |    |    |
| incremental_replacement |           |   -0.016 |           |       -7 |             |            |              |       0.00 |         0.00 | 0:00:16  |        5518 |      |     |     |    |    |    |
| tns_fixing              |     0.007 |   -0.016 |         0 |       -6 |        8.76 |       0.00 |         0.00 |            |              | 0:00:08  |        5899 |      |     |     | 16 | 11 |  6 |
| wns_fixing              |     0.007 |   -0.002 |         0 |        0 |        8.79 |       0.00 |         0.00 |            |              | 0:00:32  |        6111 |      |     |   1 | 11 | 58 | 41 |
| area_reclaiming         |     0.007 |    0.000 |         0 |        0 |        8.78 |       0.00 |         0.00 |            |              | 0:00:08  |        5736 |      |     |   1 | 11 | 59 | 40 |
| area_reclaiming_2       |     0.007 |   -0.000 |         0 |       -0 |        8.78 |       0.00 |         0.00 |            |              | 0:00:05  |        5734 |      |     |   1 | 34 | 15 | 16 |
| drv_eco_fixing          |     0.007 |   -0.000 |         0 |       -0 |        8.79 |       0.00 |         0.00 |            |              | 0:00:04  |        5736 |    0 |   0 |   1 | 36 | 14 | 16 |
| wns_eco_fixing          |     0.007 |    0.000 |         0 |        0 |        8.79 |       0.00 |         0.00 |            |              | 0:00:04  |        6042 |      |     |   1 | 35 | 14 | 18 |
| final_summary           |     0.007 |   -0.003 |           |       -0 |        8.79 |            |              |            |              | 0:00:07  |        5623 |    0 |   0 |     |    |    |    |
 -------------------------------------------------------------------------------------------------------------------------------------------------------------------------------------------------------- 
