 ------------------------------------------------------------------------------------------------------------------------------------------------------------------------------------------------- 
| Snapshot                  | WNS                  | TNS                  | Density (%) | Power estimated           | Hotspot                   | Resource               | DRVs       | Layer-OPT |
|                           | HEPG (ns) | ALL (ns) | HEPG (ns) | ALL (ns) |             | Total (mW) | Leakage (mW) | Max (bins) | Total (bins) | Real (s) | Memory (MB) | Tran | Cap | M4  | M5  |
|---------------------------+-----------+----------+-----------+----------+-------------+------------+--------------+------------+--------------+----------+-------------+------+-----+-----+-----|
| initial_summary           |           |   -0.290 |           |     -245 |       41.68 |            |              |            |              | 0:00:07  |        4935 |    1 |   0 |     |     |
| simplify_netlist          |           |          |           |          |             |       0.00 |         0.00 |            |              | 0:00:07  |        5068 |      |     |     |     |
| ccopt_clustering          |           |          |           |          |             |            |              |       0.00 |         0.00 | 0:00:24  |        8301 |      |     |     |     |
| drv_fixing                |           |          |           |          |             |       0.00 |         0.00 |            |              | 0:00:02  |        5104 |      |     |     |     |
| area_reclaiming           |    -0.259 |   -0.259 |      -218 |     -218 |       42.62 |       0.00 |         0.00 |            |              | 0:00:08  |        5163 |      |     |     |     |
| drv_fixing_2              |    -0.398 |   -0.398 |      -365 |     -365 |       42.63 |       0.00 |         0.00 |            |              | 0:00:04  |        5219 |    0 |   0 |     |     |
| global_opt                |           |    0.001 |           |        0 |       43.98 |       0.00 |         0.00 |            |              | 0:00:16  |        5226 |      |     |   1 | 124 |
| area_reclaiming_2         |     0.000 |    0.000 |         0 |        0 |       43.47 |       0.00 |         0.00 |            |              | 0:00:14  |        5244 |      |     |  13 |   1 |
| incremental_replacement   |           |   -0.004 |           |       -0 |             |            |              |       0.00 |         0.00 | 0:00:17  |        5236 |      |     |     |     |
| tns_fixing                |     0.329 |   -0.004 |         0 |       -0 |       43.47 |       0.00 |         0.00 |            |              | 0:00:06  |        5446 |      |     |  13 |   1 |
| wns_fixing                |     0.329 |   -0.000 |         0 |        0 |       43.48 |       0.00 |         0.00 |            |              | 0:00:07  |        5625 |      |     |  13 |   3 |
| area_reclaiming_3         |     0.329 |   -0.001 |         0 |       -0 |       43.30 |       0.00 |         0.00 |            |              | 0:00:09  |        5372 |      |     |  14 |   2 |
| area_reclaiming_4         |     0.329 |   -0.001 |         0 |       -0 |       43.22 |       0.00 |         0.00 |            |              | 0:00:04  |        5366 |      |     |   8 |   1 |
| initial_summary_2         |     0.329 |   -0.001 |           |       -0 |       43.22 |            |              |            |              | 0:00:20  |        5371 |    1 |   0 |     |     |
| hold_fixing               |           |   -0.001 |           |       -0 |       43.23 |       0.00 |         0.00 |            |              | 0:00:04  |        5389 |      |     |   8 |   1 |
| incremental_replacement_2 |           |   -0.030 |           |      -12 |             |            |              |       0.00 |         0.00 | 0:00:14  |        5381 |      |     |     |     |
| tns_fixing_2              |     0.331 |   -0.030 |         0 |      -12 |       43.22 |       0.00 |         0.00 |            |              | 0:00:07  |        5502 |      |     |   8 |   1 |
| wns_fixing_2              |     0.337 |   -0.002 |         0 |        0 |       43.33 |       0.00 |         0.00 |            |              | 0:00:09  |        5702 |      |     |   9 |   8 |
| area_reclaiming_5         |     0.332 |   -0.000 |         0 |       -0 |       43.22 |       0.00 |         0.00 |            |              | 0:00:09  |        5410 |      |     |  10 |   3 |
| area_reclaiming_6         |     0.332 |   -0.001 |         0 |       -0 |       43.17 |       0.00 |         0.00 |            |              | 0:00:04  |        5411 |      |     |   6 |   1 |
| drv_eco_fixing            |     0.332 |   -0.001 |         0 |       -0 |       43.17 |       0.00 |         0.00 |            |              | 0:00:03  |        5411 |    0 |   0 |   6 |   1 |
| wns_eco_fixing            |     0.332 |    0.000 |         0 |        0 |       43.17 |       0.00 |         0.00 |            |              | 0:00:04  |        5717 |      |     |   6 |   2 |
| power_reclaiming          |    -0.001 |   -0.001 |        -0 |       -0 |       43.16 |       0.00 |         0.00 |            |              | 0:01:04  |        5747 |      |     |   6 |   2 |
| final_summary             |    -0.001 |   -0.001 |           |       -0 |       43.16 |            |              |            |              | 0:00:07  |        5341 |    0 |   0 |     |     |
 ------------------------------------------------------------------------------------------------------------------------------------------------------------------------------------------------- 
