 ------------------------------------------------------------------------------------------------------------------------------------------------------------------------------------- 
| Snapshot                  | WNS                  | TNS                  | Density (%) | Power estimated           | Hotspot                   | Resource               | DRVs       |
|                           | HEPG (ns) | ALL (ns) | HEPG (ns) | ALL (ns) |             | Total (mW) | Leakage (mW) | Max (bins) | Total (bins) | Real (s) | Memory (MB) | Tran | Cap |
|---------------------------+-----------+----------+-----------+----------+-------------+------------+--------------+------------+--------------+----------+-------------+------+-----|
| initial_summary           |           |    0.655 |           |        0 |       44.58 |            |              |            |              | 0:00:03  |        4940 |    0 |   0 |
| simplify_netlist          |           |          |           |          |             |       0.00 |         0.00 |            |              | 0:00:03  |        5073 |      |     |
| ccopt_clustering          |           |          |           |          |             |            |              |       0.00 |         0.00 | 0:00:03  |        8203 |      |     |
| drv_fixing                |           |          |           |          |             |       0.00 |         0.00 |            |              | 0:00:01  |        5103 |      |     |
| area_reclaiming           |     0.655 |    0.655 |         0 |        0 |        0.92 |       0.00 |         0.00 |            |              | 0:00:02  |        5103 |      |     |
| global_opt                |           |    0.655 |           |        0 |        0.92 |       0.00 |         0.00 |            |              | 0:00:02  |        5069 |      |     |
| area_reclaiming_2         |     0.655 |    0.655 |         0 |        0 |        0.92 |       0.00 |         0.00 |            |              | 0:00:02  |        5087 |      |     |
| incremental_replacement   |           |          |           |          |             |            |              |       0.00 |         0.00 | 0:00:04  |        5130 |      |     |
| area_reclaiming_3         |     0.655 |    0.655 |         0 |        0 |        0.92 |       0.00 |         0.00 |            |              | 0:00:01  |        5212 |      |     |
| area_reclaiming_4         |     0.655 |    0.655 |         0 |        0 |        0.92 |       0.00 |         0.00 |            |              | 0:00:00  |        5212 |      |     |
| initial_summary_2         |     0.655 |    0.655 |           |        0 |        0.92 |            |              |            |              | 0:00:07  |        5217 |    0 |   0 |
| hold_fixing               |           |    0.594 |           |        0 |        0.92 |       0.00 |         0.00 |            |              | 0:00:02  |        5239 |      |     |
| incremental_replacement_2 |           |          |           |          |             |            |              |       0.00 |         0.00 | 0:00:03  |        5231 |      |     |
| area_reclaiming_5         |     0.655 |    0.655 |         0 |        0 |        0.92 |       0.00 |         0.00 |            |              | 0:00:01  |        5235 |      |     |
| area_reclaiming_6         |     0.655 |    0.655 |         0 |        0 |        0.92 |       0.00 |         0.00 |            |              | 0:00:01  |        5236 |      |     |
| drv_eco_fixing            |     0.655 |    0.655 |         0 |        0 |        0.92 |       0.00 |         0.00 |            |              | 0:00:02  |        5236 |    0 |   0 |
| power_reclaiming          |     0.454 |    0.454 |         0 |        0 |        0.92 |       0.00 |         0.00 |            |              | 0:00:01  |        5594 |      |     |
| final_summary             |     0.453 |    0.453 |           |        0 |        0.92 |            |              |            |              | 0:00:01  |        5192 |    0 |   0 |
 ------------------------------------------------------------------------------------------------------------------------------------------------------------------------------------- 
