 ------------------------------------------------------------------------------------------------------------------------------------------------------------------------------------- 
| Snapshot                  | WNS                  | TNS                  | Density (%) | Power estimated           | Hotspot                   | Resource               | DRVs       |
|                           | HEPG (ns) | ALL (ns) | HEPG (ns) | ALL (ns) |             | Total (mW) | Leakage (mW) | Max (bins) | Total (bins) | Real (s) | Memory (MB) | Tran | Cap |
|---------------------------+-----------+----------+-----------+----------+-------------+------------+--------------+------------+--------------+----------+-------------+------+-----|
| initial_summary           |           |   15.134 |           |        0 |       22.77 |            |              |            |              | 0:00:09  |        5082 |  825 | 105 |
| simplify_netlist          |           |          |           |          |             |       0.00 |         0.00 |            |              | 0:00:03  |        5201 |      |     |
| ccopt_clustering          |           |          |           |          |             |            |              |       0.00 |         0.00 | 0:00:31  |        8491 |      |     |
| drv_fixing                |           |          |           |          |             |       0.00 |         0.00 |            |              | 0:00:01  |        5299 |      |     |
| area_reclaiming           |    15.619 |   15.619 |         0 |        0 |       23.10 |       0.00 |         0.00 |            |              | 0:00:04  |        5302 |      |     |
| drv_fixing_2              |    15.671 |   15.671 |         0 |        0 |       23.44 |       0.00 |         0.00 |            |              | 0:00:12  |        5435 |    1 |   0 |
| global_opt                |           |   15.671 |           |        0 |       23.44 |       0.00 |         0.00 |            |              | 0:00:03  |        5387 |      |     |
| area_reclaiming_2         |    15.639 |   15.639 |         0 |        0 |       23.38 |       0.00 |         0.00 |            |              | 0:00:09  |        5405 |      |     |
| incremental_replacement   |           |          |           |          |             |            |              |       0.00 |         0.00 | 0:00:35  |        5453 |      |     |
| area_reclaiming_3         |    16.705 |   15.539 |         0 |        0 |       23.37 |       0.00 |         0.00 |            |              | 0:00:11  |        5546 |      |     |
| area_reclaiming_4         |    16.705 |   15.539 |         0 |        0 |       23.37 |       0.00 |         0.00 |            |              | 0:00:06  |        5545 |      |     |
| initial_summary_2         |    16.705 |   15.539 |           |        0 |       23.37 |            |              |            |              | 0:00:22  |        5573 |  829 |   0 |
| hold_fixing               |           |   15.539 |           |        0 |       23.37 |       0.00 |         0.00 |            |              | 0:00:05  |        5565 |      |     |
| incremental_replacement_2 |           |          |           |          |             |            |              |       0.00 |         0.00 | 0:00:39  |        5581 |      |     |
| area_reclaiming_5         |    16.593 |   15.432 |         0 |        0 |       23.34 |       0.00 |         0.00 |            |              | 0:00:26  |        5679 |      |     |
| area_reclaiming_6         |    16.587 |   15.512 |         0 |        0 |       23.31 |       0.00 |         0.00 |            |              | 0:00:07  |        5640 |      |     |
| drv_eco_fixing            |    16.585 |   15.510 |         0 |        0 |       23.33 |       0.00 |         0.00 |            |              | 0:00:06  |        5640 |    0 |   0 |
| power_reclaiming          |    16.259 |   15.252 |         0 |        0 |       23.33 |       0.00 |         0.00 |            |              | 0:01:06  |        5969 |      |     |
| drv_eco_fixing_2          |    16.258 |   15.319 |         0 |        0 |       23.33 |       0.00 |         0.00 |            |              | 0:00:14  |        6414 |    0 |   0 |
| final_summary             |    16.259 |   15.319 |           |        0 |       23.33 |            |              |            |              | 0:00:11  |        5957 |    0 |   0 |
 ------------------------------------------------------------------------------------------------------------------------------------------------------------------------------------- 
