 ------------------------------------------------------------------------------------------------------------------------------------------------------------------------------------- 
| Snapshot                  | WNS                  | TNS                  | Density (%) | Power estimated           | Hotspot                   | Resource               | DRVs       |
|                           | HEPG (ns) | ALL (ns) | HEPG (ns) | ALL (ns) |             | Total (mW) | Leakage (mW) | Max (bins) | Total (bins) | Real (s) | Memory (MB) | Tran | Cap |
|---------------------------+-----------+----------+-----------+----------+-------------+------------+--------------+------------+--------------+----------+-------------+------+-----|
| initial_summary           |           |    0.452 |           |        0 |        0.92 |            |              |            |              | 0:00:02  |        6251 |    0 |   0 |
| ccopt_clustering          |           |    0.454 |           |        0 |        0.94 |            |              |       0.00 |         0.00 | 0:00:11  |       22849 |    0 |   0 |
| simplify_netlist          |           |          |           |          |             |       0.00 |         0.00 |            |              | 0:00:02  |        7801 |      |     |
| excluded_clk_net_fixing   |           |          |           |          |             |            |              |            |              | 0:00:00  |        7801 |      |     |
| global_opt                |           |    0.454 |           |        0 |        0.94 |       0.00 |         0.00 |            |              | 0:00:03  |        7604 |      |     |
| area_reclaiming           |     0.454 |    0.454 |         0 |        0 |        0.94 |       0.00 |         0.00 |            |              | 0:00:02  |        7609 |      |     |
| ccopt_implementation      |           |          |           |          |             |            |              |            |              | 0:00:07  |        9072 |      |     |
| route_type_refinement     |           |          |           |          |             |            |              |            |              | 0:00:00  |        8055 |      |     |
| incremental_replacement_2 |           |          |           |          |             |            |              |       0.00 |         0.00 | 0:00:02  |        8046 |      |     |
| area_reclaiming_2         |     0.451 |    0.451 |         0 |        0 |        0.93 |       0.00 |         0.00 |            |              | 0:00:02  |        8084 |      |     |
| local_wire_reclaim        |           |          |           |          |             |            |              |            |              | 0:00:01  |        8070 |      |     |
| global_route              |           |          |           |          |             |            |              |       0.00 |         0.00 | 0:00:00  |        7842 |      |     |
| route_type_refinement_2   |           |          |           |          |             |            |              |            |              | 0:00:00  |        7842 |      |     |
| power_reclaiming          |     0.452 |    0.452 |         0 |        0 |        0.93 |       0.00 |         0.00 |            |              | 0:00:04  |        9495 |      |     |
| drv_eco_fixing            |     0.452 |    0.452 |         0 |        0 |        0.93 |       0.00 |         0.00 |            |              | 0:00:02  |        8774 |    0 |   0 |
| final_summary             |     0.452 |    0.452 |           |        0 |        0.93 |            |              |       0.00 |         0.00 | 0:00:02  |        8798 |    0 |   0 |
 ------------------------------------------------------------------------------------------------------------------------------------------------------------------------------------- 
