 ------------------------------------------------------------------------------------------------------------------------------------------------------------------------------------- 
| Snapshot                  | WNS                  | TNS                  | Density (%) | Power estimated           | Hotspot                   | Resource               | DRVs       |
|                           | HEPG (ns) | ALL (ns) | HEPG (ns) | ALL (ns) |             | Total (mW) | Leakage (mW) | Max (bins) | Total (bins) | Real (s) | Memory (MB) | Tran | Cap |
|---------------------------+-----------+----------+-----------+----------+-------------+------------+--------------+------------+--------------+----------+-------------+------+-----|
| initial_summary           |           |   15.134 |           |        0 |       22.77 |            |              |            |              | 0:00:07  |        5087 |  825 | 105 |
| simplify_netlist          |           |          |           |          |             |       0.00 |         0.00 |            |              | 0:00:04  |        5205 |      |     |
| ccopt_clustering          |           |          |           |          |             |            |              |       0.00 |         0.00 | 0:00:42  |        8496 |      |     |
| drv_fixing                |           |          |           |          |             |       0.00 |         0.00 |            |              | 0:00:02  |        5304 |      |     |
| area_reclaiming           |    15.608 |   15.608 |         0 |        0 |       22.96 |       0.00 |         0.00 |            |              | 0:00:04  |        5304 |      |     |
| drv_fixing_2              |    15.668 |   15.668 |         0 |        0 |       23.30 |       0.00 |         0.00 |            |              | 0:00:11  |        5435 |    1 |   0 |
| global_opt                |           |   15.668 |           |        0 |       23.30 |       0.00 |         0.00 |            |              | 0:00:03  |        5388 |      |     |
| area_reclaiming_2         |    15.677 |   15.677 |         0 |        0 |       23.24 |       0.00 |         0.00 |            |              | 0:00:10  |        5405 |      |     |
| incremental_replacement   |           |          |           |          |             |            |              |       0.00 |         0.00 | 0:00:39  |        5442 |      |     |
| area_reclaiming_3         |    16.713 |   15.739 |         0 |        0 |       23.23 |       0.00 |         0.00 |            |              | 0:00:10  |        5537 |      |     |
| area_reclaiming_4         |    16.717 |   15.633 |         0 |        0 |       23.22 |       0.00 |         0.00 |            |              | 0:00:05  |        5539 |      |     |
| initial_summary_2         |    16.717 |   15.633 |           |        0 |       23.22 |            |              |            |              | 0:00:19  |        5565 |  830 |   0 |
| hold_fixing               |           |   15.633 |           |        0 |       23.23 |       0.00 |         0.00 |            |              | 0:00:05  |        5568 |      |     |
| incremental_replacement_2 |           |          |           |          |             |            |              |       0.00 |         0.00 | 0:00:36  |        5580 |      |     |
| area_reclaiming_5         |    16.595 |   15.373 |         0 |        0 |       23.20 |       0.00 |         0.00 |            |              | 0:00:23  |        5679 |      |     |
| area_reclaiming_6         |    16.585 |   15.451 |         0 |        0 |       23.17 |       0.00 |         0.00 |            |              | 0:00:06  |        5667 |      |     |
| drv_eco_fixing            |    16.584 |   15.446 |         0 |        0 |       23.18 |       0.00 |         0.00 |            |              | 0:00:05  |        5664 |    0 |   0 |
| power_reclaiming          |    16.256 |   15.211 |         0 |        0 |       23.18 |       0.00 |         0.00 |            |              | 0:01:02  |        5993 |      |     |
| drv_eco_fixing_2          |    16.277 |   15.280 |         0 |        0 |       23.19 |       0.00 |         0.00 |            |              | 0:00:13  |        6435 |    0 |   0 |
| final_summary             |    16.278 |   15.280 |           |        0 |       23.19 |            |              |            |              | 0:00:11  |        5972 |    0 |   0 |
 ------------------------------------------------------------------------------------------------------------------------------------------------------------------------------------- 
