 ----------------------------------------------------------------------------------------------------------------------------------------------------------------------------------- 
| Snapshot                | WNS                  | TNS                  | Density (%) | Power estimated           | Hotspot                   | Resource               | DRVs       |
|                         | HEPG (ns) | ALL (ns) | HEPG (ns) | ALL (ns) |             | Total (mW) | Leakage (mW) | Max (bins) | Total (bins) | Real (s) | Memory (MB) | Tran | Cap |
|-------------------------+-----------+----------+-----------+----------+-------------+------------+--------------+------------+--------------+----------+-------------+------+-----|
| initial_summary         |           |   15.280 |           |        0 |       23.19 |            |              |            |              | 0:00:03  |        6033 |    0 |   0 |
| ccopt_clustering        |           |          |           |          |             |            |              |       0.00 |         0.00 | 0:00:14  |        6106 |      |     |
| incremental_replacement |           |          |           |          |             |            |              |       0.00 |         0.00 | 0:00:33  |        6181 |      |     |
| area_reclaiming         |    16.251 |   15.283 |         0 |        0 |       23.13 |       0.00 |         0.00 |            |              | 0:00:12  |        6356 |      |     |
| area_reclaiming_2       |    16.251 |   15.283 |         0 |        0 |       23.13 |       0.00 |         0.00 |            |              | 0:00:03  |        6338 |      |     |
| drv_eco_fixing          |    16.251 |   15.283 |         0 |        0 |       23.13 |       0.00 |         0.00 |            |              | 0:00:03  |        6340 |    0 |   0 |
| final_summary           |    16.255 |   15.285 |           |        0 |       23.13 |            |              |            |              | 0:00:11  |        6240 |    0 |   0 |
 ----------------------------------------------------------------------------------------------------------------------------------------------------------------------------------- 
