 ----------------------------------------------------------------------------------------------------------------------------------------------------------------------------------------------------- 
| Snapshot                  | WNS                  | TNS                  | Density (%) | Power estimated           | Hotspot                   | Resource               | DRVs       | Layer-OPT     |
|                           | HEPG (ns) | ALL (ns) | HEPG (ns) | ALL (ns) |             | Total (mW) | Leakage (mW) | Max (bins) | Total (bins) | Real (s) | Memory (MB) | Tran | Cap | M4 | M5  | M8 |
|---------------------------+-----------+----------+-----------+----------+-------------+------------+--------------+------------+--------------+----------+-------------+------+-----+----+-----+----|
| initial_summary           |           |   -0.267 |           |     -223 |        8.47 |            |              |            |              | 0:00:05  |        4934 |    0 |   0 |    |     |    |
| simplify_netlist          |           |          |           |          |             |       0.00 |         0.00 |            |              | 0:00:07  |        5069 |      |     |    |     |    |
| ccopt_clustering          |           |          |           |          |             |            |              |       0.00 |         0.00 | 0:00:24  |        8346 |      |     |    |     |    |
| drv_fixing                |           |          |           |          |             |       0.00 |         0.00 |            |              | 0:00:02  |        5109 |      |     |    |     |    |
| area_reclaiming           |    -0.248 |   -0.248 |      -202 |     -202 |        8.65 |       0.00 |         0.00 |            |              | 0:00:07  |        5170 |      |     |    |     |    |
| global_opt                |           |   -0.008 |           |       -1 |        8.87 |       0.00 |         0.00 |            |              | 0:00:22  |        5224 |      |     |  2 | 135 |    |
| area_reclaiming_2         |    -0.006 |   -0.006 |        -0 |       -0 |        8.79 |       0.00 |         0.00 |            |              | 0:00:13  |        5235 |      |     | 20 |  16 |    |
| incremental_replacement   |           |   -0.010 |           |       -0 |             |            |              |       0.00 |         0.00 | 0:00:21  |        5232 |      |     |    |     |    |
| tns_fixing                |     0.321 |   -0.010 |         0 |       -0 |        8.79 |       0.00 |         0.00 |            |              | 0:00:07  |        5453 |      |     | 20 |  16 |    |
| wns_fixing                |     0.330 |   -0.000 |         0 |        0 |        8.80 |       0.00 |         0.00 |            |              | 0:00:09  |        5664 |      |     | 19 |  15 |  2 |
| area_reclaiming_3         |     0.326 |   -0.002 |         0 |       -0 |        8.78 |       0.00 |         0.00 |            |              | 0:00:07  |        5390 |      |     | 20 |  19 |  2 |
| area_reclaiming_4         |     0.322 |   -0.003 |         0 |       -0 |        8.77 |       0.00 |         0.00 |            |              | 0:00:05  |        5390 |      |     | 10 |   7 |  2 |
| initial_summary_2         |     0.322 |   -0.003 |           |       -0 |        8.77 |            |              |            |              | 0:00:19  |        5395 |    0 |   0 |    |     |    |
| hold_fixing               |           |   -0.003 |           |       -0 |        8.77 |       0.00 |         0.00 |            |              | 0:00:03  |        5405 |      |     | 10 |   7 |  2 |
| incremental_replacement_2 |           |   -0.024 |           |       -7 |             |            |              |       0.00 |         0.00 | 0:00:14  |        5396 |      |     |    |     |    |
| tns_fixing_2              |     0.308 |   -0.024 |         0 |       -7 |        8.77 |       0.00 |         0.00 |            |              | 0:00:07  |        5514 |      |     | 10 |   7 |  2 |
| wns_fixing_2              |     0.335 |   -0.000 |         0 |        0 |        8.78 |       0.00 |         0.00 |            |              | 0:00:14  |        5801 |      |     |  9 |  24 | 13 |
| area_reclaiming_5         |     0.331 |   -0.000 |         0 |       -0 |        8.77 |       0.00 |         0.00 |            |              | 0:00:07  |        5422 |      |     | 11 |  23 | 14 |
| area_reclaiming_6         |     0.325 |   -0.000 |         0 |       -0 |        8.76 |       0.00 |         0.00 |            |              | 0:00:05  |        5416 |      |     | 17 |  10 |  5 |
| drv_eco_fixing            |     0.325 |   -0.000 |         0 |       -0 |        8.77 |       0.00 |         0.00 |            |              | 0:00:04  |        5416 |    1 |   0 | 17 |  10 |  5 |
| wns_eco_fixing            |     0.326 |    0.000 |         0 |        0 |        8.77 |       0.00 |         0.00 |            |              | 0:00:03  |        5721 |      |     | 17 |  11 |  5 |
| power_reclaiming          |     0.001 |   -0.005 |         0 |       -1 |        8.76 |       0.00 |         0.00 |            |              | 0:01:00  |        5748 |      |     | 17 |  11 |  5 |
| final_summary             |     0.001 |   -0.004 |           |       -0 |        8.76 |            |              |            |              | 0:00:07  |        5346 |    0 |   0 |    |     |    |
 ----------------------------------------------------------------------------------------------------------------------------------------------------------------------------------------------------- 
