 ---------------------------------------------------------------------------------------------------------------------------------------------------------------------------------------------------- 
| Snapshot                  | WNS                  | TNS                  | Density (%) | Power estimated           | Hotspot                   | Resource               | DRVs       | Layer-OPT    |
|                           | HEPG (ns) | ALL (ns) | HEPG (ns) | ALL (ns) |             | Total (mW) | Leakage (mW) | Max (bins) | Total (bins) | Real (s) | Memory (MB) | Tran | Cap | M4 | M5 | M8 |
|---------------------------+-----------+----------+-----------+----------+-------------+------------+--------------+------------+--------------+----------+-------------+------+-----+----+----+----|
| initial_summary           |           |   -0.141 |           |       -3 |       43.19 |            |              |            |              | 0:00:12  |        7180 |    0 |   0 |    |    |    |
| ccopt_clustering          |           |   -0.153 |           |       -7 |       43.86 |            |              |       0.00 |         0.00 | 0:00:52  |       24129 |    0 |   0 |    |    |    |
| simplify_netlist          |           |          |           |          |             |       0.00 |         0.00 |            |              | 0:00:05  |        9007 |      |     |    |    |    |
| excluded_clk_net_fixing   |           |          |           |          |             |            |              |            |              | 0:00:01  |        9007 |      |     |    |    |    |
| global_opt                |           |    0.000 |           |        0 |       43.98 |       0.00 |         0.00 |            |              | 0:00:08  |        9149 |      |     |  7 | 21 |  2 |
| area_reclaiming           |     0.001 |    0.001 |         0 |        0 |       43.98 |       0.00 |         0.00 |            |              | 0:00:09  |        8861 |      |     | 15 |  9 |  2 |
| ccopt_implementation      |           |          |           |          |             |            |              |            |              | 0:00:44  |       25028 |      |     |    |    |    |
| route_type_refinement     |           |          |           |          |             |            |              |            |              | 0:00:01  |        9480 |      |     | 15 |  9 |  2 |
| incremental_replacement_2 |           |          |           |          |             |            |              |       0.00 |         0.00 | 0:00:10  |        9456 |      |     |    |    |    |
| area_reclaiming_2         |     0.036 |    0.005 |         0 |        0 |       42.45 |       0.00 |         0.00 |            |              | 0:00:09  |        9557 |      |     |  1 |  1 |    |
| local_wire_reclaim        |           |          |           |          |             |            |              |            |              | 0:00:17  |        9558 |      |     |    |    |    |
| global_route              |           |          |           |          |             |            |              |       0.00 |         0.00 | 0:00:02  |        9255 |      |     |    |    |    |
| route_type_refinement_2   |           |          |           |          |             |            |              |            |              | 0:00:00  |        9255 |      |     |  1 |  1 |    |
| power_reclaiming          |     0.002 |   -0.005 |         0 |       -0 |       42.45 |       0.00 |         0.00 |            |              | 0:00:24  |       11488 |      |     |  1 |  1 |    |
| drv_eco_fixing            |     0.002 |   -0.005 |         0 |       -0 |       42.66 |       0.00 |         0.00 |            |              | 0:00:07  |       10544 |    0 |   0 |    |  1 |    |
| tns_eco_fixing            |     0.004 |    0.000 |         0 |        0 |       42.68 |       0.00 |         0.00 |            |              | 0:00:09  |       11998 |      |     |  1 |  3 |    |
| final_summary             |     0.004 |   -0.000 |           |       -0 |       42.68 |            |              |       0.00 |         0.00 | 0:00:08  |       10064 |    0 |   0 |    |    |    |
 ---------------------------------------------------------------------------------------------------------------------------------------------------------------------------------------------------- 
