
 --------------------------------------------------------------------------------------------------------------------------------------------------------------------------------------------------- 
| Snapshot                | WNS                  | TNS                  | Density (%) | Power estimated           | Hotspot                   | Resource               | DRVs       | Layer-OPT     |
|                         | HEPG (ns) | ALL (ns) | HEPG (ns) | ALL (ns) |             | Total (mW) | Leakage (mW) | Max (bins) | Total (bins) | Real (s) | Memory (MB) | Tran | Cap | M4 | M5  | M8 |
|-------------------------+-----------+----------+-----------+----------+-------------+------------+--------------+------------+--------------+----------+-------------+------+-----+----+-----+----|
| initial_summary         |           |   -0.334 |           |     -296 |       10.74 |            |              |            |              | 0:00:07  |        4938 |    1 |   0 |    |     |    |
| simplify_netlist        |           |          |           |          |             |       0.00 |         0.00 |            |              | 0:00:06  |        5046 |      |     |    |     |    |
| ccopt_clustering        |           |          |           |          |             |            |              |       0.00 |         0.00 | 0:00:24  |        8286 |      |     |    |     |    |
| drv_fixing              |           |          |           |          |             |       0.00 |         0.00 |            |              | 0:00:03  |        5081 |      |     |    |     |    |
| area_reclaiming         |    -0.277 |   -0.277 |      -250 |     -250 |       11.05 |       0.00 |         0.00 |            |              | 0:00:05  |        5135 |      |     |    |     |    |
| drv_fixing_2            |    -0.425 |   -0.425 |      -412 |     -412 |       11.06 |       0.00 |         0.00 |            |              | 0:00:03  |        5193 |    1 |   0 |    |     |    |
| global_opt              |           |   -0.091 |           |      -73 |       11.55 |       0.00 |         0.00 |            |              | 0:00:31  |        5227 |      |     |  2 | 110 |    |
| area_reclaiming_2       |    -0.086 |   -0.086 |       -69 |      -69 |       11.44 |       0.00 |         0.00 |            |              | 0:00:13  |        5243 |      |     | 24 |  46 |    |
| incremental_replacement |           |   -0.085 |           |      -63 |             |            |              |       0.00 |         0.00 | 0:31:51  |        5236 |      |     |    |     |    |
| tns_fixing              |     0.326 |   -0.085 |         0 |      -63 |       11.44 |       0.00 |         0.00 |            |              | 0:00:06  |        5438 |      |     | 24 |  46 |    |
| wns_fixing              |     0.330 |   -0.001 |         0 |        0 |       11.50 |       0.00 |         0.00 |            |              | 0:00:33  |        5731 |      |     | 25 |  43 | 10 |
| area_reclaiming_3       |     0.327 |   -0.000 |         0 |       -0 |       11.42 |       0.00 |         0.00 |            |              | 0:00:11  |        5397 |      |     | 23 |  41 |  9 |
| area_reclaiming_4       |     0.330 |    0.001 |         0 |        0 |       11.30 |       0.00 |         0.00 |            |              | 0:00:07  |        5386 |      |     | 13 |   4 |  4 |
| initial_summary_2       |     0.330 |    0.001 |           |        0 |       11.30 |            |              |            |              | 0:00:17  |        5390 |    2 |   0 |    |     |    |
| hold_fixing             |           |    0.001 |           |        0 |       11.30 |       0.00 |         0.00 |            |              | 0:00:04  |        5409 |      |     | 13 |   4 |  4 |
 --------------------------------------------------------------------------------------------------------------------------------------------------------------------------------------------------- 
