 ----------------------------------------------------------------------------------------------------------------------------------------------------------------------------------- 
| Snapshot                | WNS                  | TNS                  | Density (%) | Power estimated           | Hotspot                   | Resource               | DRVs       |
|                         | HEPG (ns) | ALL (ns) | HEPG (ns) | ALL (ns) |             | Total (mW) | Leakage (mW) | Max (bins) | Total (bins) | Real (s) | Memory (MB) | Tran | Cap |
|-------------------------+-----------+----------+-----------+----------+-------------+------------+--------------+------------+--------------+----------+-------------+------+-----|
| initial_summary         |           |    0.453 |           |        0 |        0.92 |            |              |            |              | 0:00:02  |        5246 |    0 |   0 |
| ccopt_clustering        |           |          |           |          |             |            |              |       0.00 |         0.00 | 0:00:03  |        5345 |      |     |
| incremental_replacement |           |          |           |          |             |            |              |       0.00 |         0.00 | 0:00:04  |        5371 |      |     |
| area_reclaiming         |     0.453 |    0.453 |         0 |        0 |        0.92 |       0.00 |         0.00 |            |              | 0:00:01  |        5403 |      |     |
| area_reclaiming_2       |     0.453 |    0.453 |         0 |        0 |        0.92 |       0.00 |         0.00 |            |              | 0:00:00  |        5404 |      |     |
| drv_eco_fixing          |     0.453 |    0.453 |         0 |        0 |        0.92 |       0.00 |         0.00 |            |              | 0:00:01  |        5404 |    0 |   0 |
| final_summary           |     0.453 |    0.453 |           |        0 |        0.92 |            |              |            |              | 0:00:01  |        5401 |    0 |   0 |
 ----------------------------------------------------------------------------------------------------------------------------------------------------------------------------------- 
