 -------------------------------------------------------------------------------------------------------------------------------------------------------------------------------------------------- 
| Snapshot                | WNS                  | TNS                  | Density (%) | Power estimated           | Hotspot                   | Resource               | DRVs       | Layer-OPT    |
|                         | HEPG (ns) | ALL (ns) | HEPG (ns) | ALL (ns) |             | Total (mW) | Leakage (mW) | Max (bins) | Total (bins) | Real (s) | Memory (MB) | Tran | Cap | M4 | M5 | M8 |
|-------------------------+-----------+----------+-----------+----------+-------------+------------+--------------+------------+--------------+----------+-------------+------+-----+----+----+----|
| initial_summary         |           |   -0.001 |           |       -0 |       43.16 |            |              |            |              | 0:00:04  |        5370 |    0 |   0 |    |    |    |
| ccopt_clustering        |           |          |           |          |             |            |              |       0.00 |         0.00 | 0:00:10  |        5454 |      |     |    |    |    |
| incremental_replacement |           |   -0.016 |           |       -5 |             |            |              |       0.00 |         0.00 | 0:00:16  |        5490 |      |     |    |    |    |
| tns_fixing              |     0.003 |   -0.016 |         0 |       -5 |       43.16 |       0.00 |         0.00 |            |              | 0:00:07  |        5918 |      |     |  6 |  2 |    |
| wns_fixing              |     0.012 |   -0.001 |         0 |        0 |       43.28 |       0.00 |         0.00 |            |              | 0:00:38  |        6034 |      |     |  5 | 15 |  3 |
| area_reclaiming         |     0.011 |   -0.001 |         0 |       -0 |       43.25 |       0.00 |         0.00 |            |              | 0:00:08  |        5672 |      |     |  4 | 14 |  3 |
| area_reclaiming_2       |     0.011 |   -0.000 |         0 |       -0 |       43.19 |       0.00 |         0.00 |            |              | 0:00:04  |        5674 |      |     |  7 |  2 |  2 |
| drv_eco_fixing          |     0.011 |   -0.000 |         0 |       -0 |       43.19 |       0.00 |         0.00 |            |              | 0:00:03  |        5672 |    0 |   0 |  7 |  2 |  2 |
| wns_eco_fixing          |     0.011 |    0.000 |         0 |        0 |       43.19 |       0.00 |         0.00 |            |              | 0:00:03  |        5978 |      |     |  7 |  3 |  2 |
| final_summary           |     0.012 |   -0.002 |           |       -0 |       43.19 |            |              |            |              | 0:00:08  |        5572 |    0 |   0 |    |    |    |
 -------------------------------------------------------------------------------------------------------------------------------------------------------------------------------------------------- 
