 ----------------------------------------------------------------------------------------------------------------------------------------------------------------------------------- 
| Snapshot                | WNS                  | TNS                  | Density (%) | Power estimated           | Hotspot                   | Resource               | DRVs       |
|                         | HEPG (ns) | ALL (ns) | HEPG (ns) | ALL (ns) |             | Total (mW) | Leakage (mW) | Max (bins) | Total (bins) | Real (s) | Memory (MB) | Tran | Cap |
|-------------------------+-----------+----------+-----------+----------+-------------+------------+--------------+------------+--------------+----------+-------------+------+-----|
| initial_summary         |           |   15.319 |           |        0 |       23.33 |            |              |            |              | 0:00:03  |        6023 |    0 |   0 |
| ccopt_clustering        |           |          |           |          |             |            |              |       0.00 |         0.00 | 0:00:14  |        6109 |      |     |
| incremental_replacement |           |          |           |          |             |            |              |       0.00 |         0.00 | 0:00:34  |        6201 |      |     |
| area_reclaiming         |    16.252 |   15.286 |         0 |        0 |       23.28 |       0.00 |         0.00 |            |              | 0:00:11  |        6345 |      |     |
| area_reclaiming_2       |    16.252 |   15.286 |         0 |        0 |       23.28 |       0.00 |         0.00 |            |              | 0:00:04  |        6332 |      |     |
| drv_eco_fixing          |    16.268 |   15.286 |         0 |        0 |       23.28 |       0.00 |         0.00 |            |              | 0:00:03  |        6333 |    0 |   0 |
| final_summary           |    16.270 |   15.290 |           |        0 |       23.28 |            |              |            |              | 0:00:11  |        6244 |    0 |   0 |
 ----------------------------------------------------------------------------------------------------------------------------------------------------------------------------------- 
