 ------------------------------------------------------------------------------------------------------------------------------------------------------------------------------------- 
| Snapshot                  | WNS                  | TNS                  | Density (%) | Power estimated           | Hotspot                   | Resource               | DRVs       |
|                           | HEPG (ns) | ALL (ns) | HEPG (ns) | ALL (ns) |             | Total (mW) | Leakage (mW) | Max (bins) | Total (bins) | Real (s) | Memory (MB) | Tran | Cap |
|---------------------------+-----------+----------+-----------+----------+-------------+------------+--------------+------------+--------------+----------+-------------+------+-----|
| initial_summary           |           |   15.274 |           |        0 |       23.28 |            |              |            |              | 0:00:08  |        7368 |    0 |   0 |
| ccopt_clustering          |           |   15.290 |           |        0 |       23.37 |            |              |       0.00 |         0.00 | 0:01:32  |       24468 |    0 |   0 |
| simplify_netlist          |           |          |           |          |             |       0.00 |         0.00 |            |              | 0:00:03  |        9174 |      |     |
| excluded_clk_net_fixing   |           |          |           |          |             |            |              |            |              | 0:00:00  |        9174 |      |     |
| global_opt                |           |   15.290 |           |        0 |       23.37 |       0.00 |         0.00 |            |              | 0:00:04  |        8966 |      |     |
| area_reclaiming           |    15.290 |   15.290 |         0 |        0 |       23.37 |       0.00 |         0.00 |            |              | 0:00:11  |        8981 |      |     |
| ccopt_implementation      |           |          |           |          |             |            |              |            |              | 0:01:21  |       10830 |      |     |
| route_type_refinement     |           |          |           |          |             |            |              |            |              | 0:00:01  |        9701 |      |     |
| incremental_replacement_2 |           |          |           |          |             |            |              |       0.00 |         0.00 | 0:00:13  |        9716 |      |     |
| area_reclaiming_2         |    16.290 |   15.349 |         0 |        0 |       23.14 |       0.00 |         0.00 |            |              | 0:00:07  |        9719 |      |     |
| local_wire_reclaim        |           |          |           |          |             |            |              |            |              | 0:00:20  |        9717 |      |     |
| global_route              |           |          |           |          |             |            |              |       0.00 |         0.00 | 0:00:04  |        9498 |      |     |
| route_type_refinement_2   |           |          |           |          |             |            |              |            |              | 0:00:01  |        9498 |      |     |
| power_reclaiming          |    16.277 |   15.241 |         0 |        0 |       23.14 |       0.00 |         0.00 |            |              | 0:00:15  |       11596 |      |     |
| drv_eco_fixing            |    16.275 |   15.241 |         0 |        0 |       23.14 |       0.00 |         0.00 |            |              | 0:00:05  |       10679 |    0 |   0 |
| final_summary             |    16.275 |   15.240 |           |        0 |       23.14 |            |              |       0.00 |         0.00 | 0:00:10  |       10500 |    0 |   0 |
 ------------------------------------------------------------------------------------------------------------------------------------------------------------------------------------- 
