
 ---------------------------------------------------------------------------------------------------------------------------------------------------------------------------------------------------- 
| Snapshot                  | WNS                  | TNS                  | Density (%) | Power estimated           | Hotspot                   | Resource               | DRVs       | Layer-OPT    |
|                           | HEPG (ns) | ALL (ns) | HEPG (ns) | ALL (ns) |             | Total (mW) | Leakage (mW) | Max (bins) | Total (bins) | Real (s) | Memory (MB) | Tran | Cap | M4 | M5 | M8 |
|---------------------------+-----------+----------+-----------+----------+-------------+------------+--------------+------------+--------------+----------+-------------+------+-----+----+----+----|
| initial_summary           |           |   -0.324 |           |     -270 |       17.54 |            |              |            |              | 0:00:07  |        4940 |    2 |   0 |    |    |    |
| simplify_netlist          |           |          |           |          |             |       0.00 |         0.00 |            |              | 0:00:07  |        5046 |      |     |    |    |    |
| ccopt_clustering          |           |          |           |          |             |            |              |       0.00 |         0.00 | 0:00:27  |        8289 |      |     |    |    |    |
| drv_fixing                |           |          |           |          |             |       0.00 |         0.00 |            |              | 0:00:03  |        5086 |      |     |    |    |    |
| area_reclaiming           |    -0.282 |   -0.282 |      -230 |     -230 |       18.02 |       0.00 |         0.00 |            |              | 0:00:07  |        5140 |      |     |    |    |    |
| drv_fixing_2              |    -0.509 |   -0.509 |      -471 |     -471 |       18.03 |       0.00 |         0.00 |            |              | 0:00:04  |        5203 |    4 |   0 |    |    |    |
| global_opt                |           |   -0.011 |           |       -1 |       18.89 |       0.00 |         0.00 |            |              | 0:00:34  |        5226 |      |     |  2 | 85 |    |
| area_reclaiming_2         |    -0.005 |   -0.005 |        -0 |       -0 |       18.51 |       0.00 |         0.00 |            |              | 0:00:13  |        5237 |      |     | 18 |  9 |    |
| incremental_replacement   |           |   -0.011 |           |       -1 |             |            |              |       0.00 |         0.00 | 0:17:07  |        5229 |      |     |    |    |    |
| drv_fixing_3              |    -0.011 |   -0.011 |        -1 |       -1 |       18.51 |       0.00 |         0.00 |            |              | 0:00:04  |        5254 |    0 |   0 | 18 |  9 |    |
| tns_fixing                |     0.329 |   -0.011 |         0 |       -1 |       18.51 |       0.00 |         0.00 |            |              | 0:00:07  |        5463 |      |     | 18 |  9 |    |
| wns_fixing                |     0.329 |   -0.001 |         0 |        0 |       18.55 |       0.00 |         0.00 |            |              | 0:00:09  |        5706 |      |     | 18 | 10 |  2 |
| area_reclaiming_3         |     0.324 |   -0.001 |         0 |       -0 |       18.48 |       0.00 |         0.00 |            |              | 0:00:11  |        5403 |      |     | 14 | 10 |  7 |
| area_reclaiming_4         |     0.326 |   -0.000 |         0 |       -0 |       18.39 |       0.00 |         0.00 |            |              | 0:00:06  |        5389 |      |     |  7 |  7 |  1 |
| initial_summary_2         |     0.326 |   -0.000 |           |       -0 |       18.39 |            |              |            |              | 0:00:17  |        5393 |    2 |   0 |    |    |    |
| hold_fixing               |           |   -0.000 |           |       -0 |       18.39 |       0.00 |         0.00 |            |              | 0:00:03  |        5412 |      |     |  7 |  7 |  1 |
| incremental_replacement_2 |           |   -0.023 |           |       -3 |             |            |              |       0.00 |         0.00 | 0:17:08  |        5403 |      |     |    |    |    |
| tns_fixing_2              |     0.321 |   -0.023 |         0 |       -3 |       18.39 |       0.00 |         0.00 |            |              | 0:00:06  |        5513 |      |     |  7 |  7 |  1 |
| wns_fixing_2              |     0.326 |    0.000 |         0 |        0 |       18.42 |       0.00 |         0.00 |            |              | 0:00:11  |        5726 |      |     |  7 | 18 |  1 |
| area_reclaiming_5         |     0.330 |   -0.002 |         0 |       -0 |       18.41 |       0.00 |         0.00 |            |              | 0:00:09  |        5413 |      |     |  9 | 17 |  1 |
| area_reclaiming_6         |     0.330 |   -0.002 |         0 |       -0 |       18.38 |       0.00 |         0.00 |            |              | 0:00:04  |        5411 |      |     |  5 |  8 |  1 |
 ---------------------------------------------------------------------------------------------------------------------------------------------------------------------------------------------------- 
